
> frontend@0.0.0 build
> vite build

[36mvite v8.0.3 [32mbuilding client environment for production...[36m[39m
[2K
transforming...Γ£ô 2322 modules transformed.
rendering chunks...
node.exe : [31mΓ£ù[39m 
Build failed in 872ms
At line:1 char:1
+ & "C:\Program 
Files\nodejs/node.exe" 
"C:\Program 
Files\nodejs/node_mo ...
+ ~~~~~~~~~~~~~~~~~~~~~~~
~~~~~~~~~~~~~~~~~~~~~~~~~
~~~~~~~~~~~~~~~~~~~~~
    + CategoryInfo       
       : NotSpecified:   
  ([31mΓ£ù[39m Build   
  failed in 872ms:Str    
ing) [], RemoteExcep    
tion
    + FullyQualifiedErro 
   rId : NativeCommandE  
  rror
 

PWA v1.2.0
mode      generateSW
precache  3 entries (0.00 KiB)
files generated
  dist/sw.js
  dist/workbox-8c29f6e4.js
warnings
  One of the glob 
patterns doesn't match 
any files. Please remove 
or fix the following: {
  "globDirectory": "C:\\U
sers\\hp\\Desktop\\ERROR\
\School_management\\front
end\\dist",
  "globPattern": "**/*.{j
s,wasm,css,html}",
  "globIgnores": [
    
"**/node_modules/**/*",
    "sw.js",
    "workbox-*.js"
  ]
}

[31merror during build:
[31mBuild failed with 1 
error:

[31m[MISSING_EXPORT] 
Error:[0m "useState" is 
not exported by "node_mod
ules/react-router-dom/dis
t/index.mjs".
   [38;5;246mΓò¡[0m[38
;5;246mΓöÇ[0m[38;5;246m
[[0m src/components/layo
ut/AppLayout.jsx:1:37 
[38;5;246m][0m
   [38;5;246mΓöé[0m
 [38;5;246m1 Γöé[0m [3
8;5;249mi[0m[38;5;249mm
[0m[38;5;249mp[0m[38;
5;249mo[0m[38;5;249mr[
0m[38;5;249mt[0m[38;5;
249m [0m[38;5;249m{[0m
[38;5;249m [0m[38;5;24
9mO[0m[38;5;249mu[0m[
38;5;249mt[0m[38;5;249m
l[0m[38;5;249me[0m[38
;5;249mt[0m[38;5;249m,
[0m[38;5;249m [0m[38;5
;249mu[0m[38;5;249ms[0
m[38;5;249me[0m[38;5;2
49mL[0m[38;5;249mo[0m
[38;5;249mc[0m[38;5;249
ma[0m[38;5;249mt[0m[3
8;5;249mi[0m[38;5;249mo
[0m[38;5;249mn[0m[38;
5;249m,[0m[38;5;249m [
0m[38;5;249mL[0m[38;5;
249mi[0m[38;5;249mn[0m
[38;5;249mk[0m[38;5;24
9m,[0m[38;5;249m 
[0museState[38;5;249m 
[0m[38;5;249m}[0m[38;5
;249m [0m[38;5;249mf[0
m[38;5;249mr[0m[38;5;2
49mo[0m[38;5;249mm[0m
[38;5;249m [0m[38;5;249
m"[0m[38;5;249mr[0m[3
8;5;249me[0m[38;5;249ma
[0m[38;5;249mc[0m[38;
5;249mt[0m[38;5;249m-[
0m[38;5;249mr[0m[38;5;
249mo[0m[38;5;249mu[0m
[38;5;249mt[0m[38;5;24
9me[0m[38;5;249mr[0m[
38;5;249m-[0m[38;5;249m
d[0m[38;5;249mo[0m[38
;5;249mm[0m[38;5;249m"
[0m[38;5;249m;[0m
 [38;5;240m  Γöé[0m    
                         
        
ΓöÇΓöÇΓöÇΓöÇΓö¼ΓöÇΓöÇΓöÇ 
 
 [38;5;240m  Γöé[0m    
                         
            
Γò░ΓöÇΓöÇΓöÇΓöÇΓöÇ 
Missing export
[38;5;246mΓöÇΓöÇΓöÇΓò»[
0m
[31m
    at aggregateBindingEr
rorsIntoJsError (file:///
C:/Users/hp/Desktop/ERROR
/School_management/fronte
nd/node_modules/rolldown/
dist/shared/error-BLhcSye
g.mjs:48:18)
    at 
unwrapBindingResult (file
:///C:/Users/hp/Desktop/E
RROR/School_management/fr
ontend/node_modules/rolld
own/dist/shared/error-BLh
cSyeg.mjs:18:128)
    at #build (file:///C:
/Users/hp/Desktop/ERROR/S
chool_management/frontend
/node_modules/rolldown/di
st/shared/rolldown-build-
CPrIX9V6.mjs:3313:34)
    at async 
buildEnvironment (file://
/C:/Users/hp/Desktop/ERRO
R/School_management/front
end/node_modules/vite/dis
t/node/chunks/node.js:328
49:64)
    at async 
Object.build (file:///C:/
Users/hp/Desktop/ERROR/Sc
hool_management/frontend/
node_modules/vite/dist/no
de/chunks/node.js:33271:1
9)
    at async 
Object.buildApp (file:///
C:/Users/hp/Desktop/ERROR
/School_management/fronte
nd/node_modules/vite/dist
/node/chunks/node.js:3326
8:153)
    at async 
CAC.<anonymous> (file:///
C:/Users/hp/Desktop/ERROR
/School_management/fronte
nd/node_modules/vite/dist
/node/cli.js:778:3) {
  errors: [Getter/Setter]
}[39m
